```
Router con0 is now available

Press RETURN to get started.

Router0>enable
Router0#config t
Router0(config)#interface FastEthernet0/0
Router0(config-if)#ip address 192.168.100.1 255.255.255.0
Router0(config-if)#no shutdown
5:47:36 %LINK-3-UPDOWN:  Interface FastEthernet0/0, changed state to up
5:47:36 %LINEPROTO-5-UPDOWN: Line protocol on Interface FastEthernet0/0, changed state to up

Router0(config-if)#exit
Router0(config)#interface FastEthernet0/1
Router0(config-if)#ip address 10.0.0.100 255.255.255.252
Router0(config-if)#exit
Router0(config)#ip route 192.168.101.0 255.255.255.0 10.0.0.101
Router0(config)#ip route 192.168.102.0 255.255.255.0 10.0.0.102
Router0(config)#exit
Router0#show ip route
Router0
Destination - Netmask - Gateway
192.168.100.0  255.255.255.0  0.0.0.0
10.0.0.100  255.255.255.252  0.0.0.0
192.168.101.0  255.255.255.0  10.0.0.101
192.168.102.0  255.255.255.0  10.0.0.102

Router0#




Router con0 is now available


Press RETURN to get started.



Router0>enable
Router0#show ip route
Router0
Destination - Netmask - Gateway
192.168.100.0  255.255.255.0  0.0.0.0
10.0.0.100  255.255.255.252  0.0.0.0
192.168.101.0  255.255.255.0  10.0.0.101
192.168.102.0  255.255.255.0  10.0.0.102

Router0#config t
Router0(config)#interface FastEthernet0/1
Router0(config-if)#ip address 10.0.0.1 255.255.255.252
Router0(config-if)#no shutdown
6:17:3 %LINK-3-UPDOWN:  Interface FastEthernet0/1, changed state to up
6:17:3 %LINEPROTO-5-UPDOWN: Line protocol on Interface FastEthernet0/1, changed state to up

Router0(config-if)#exit
Router0(config)#exit
Router0#show ip route
Router0
Destination - Netmask - Gateway
192.168.100.0  255.255.255.0  0.0.0.0
192.168.101.0  255.255.255.0  10.0.0.101
192.168.102.0  255.255.255.0  10.0.0.102
10.0.0.0  255.255.255.252  0.0.0.0

Router0#




Router con0 is now available


Press RETURN to get started.



Router0>enable
Router0#config t
Router0(config)#ip route 192.168.101.0 255.255.255.0 10.0.0.2
Router0(config)#ip route 192.168.102.0 255.255.255.0 10.0.0.3
Router0(config)#exit
Router0#show ip route
Router0
Destination - Netmask - Gateway
192.168.100.0  255.255.255.0  0.0.0.0
192.168.101.0  255.255.255.0  10.0.0.101
192.168.102.0  255.255.255.0  10.0.0.102
10.0.0.0  255.255.255.252  0.0.0.0
192.168.101.0  255.255.255.0  10.0.0.2
192.168.102.0  255.255.255.0  10.0.0.3

Router0#
```


```
Router con0 is now available

Press RETURN to get started.

Router1>enable
Router1#config t
Router1(config)#interface FastEthernet0/0
Router1(config-if)#ip address 192.168.101.1 255.255.255.0
Router1(config-if)#no shutdown
5:50:49 %LINK-3-UPDOWN:  Interface FastEthernet0/0, changed state to up
5:50:49 %LINEPROTO-5-UPDOWN: Line protocol on Interface FastEthernet0/0, changed state to up

Router1(config-if)#exit
Router1(config)#interface FastEthernet0/1
Router1(config-if)#ip address 10.0.0.101 255.255.255.252
Router1(config-if)#exit
Router1(config)#ip route 192.168.100.0 255.255.255.0 10.0.0.100
Router1(config)#ip route 192.168.102.0 255.255.255.0 10.0.0.102
Router1(config)#exit
Router1#show ip route
Router1
Destination - Netmask - Gateway
192.168.101.0  255.255.255.0  0.0.0.0
10.0.0.100  255.255.255.252  0.0.0.0
192.168.100.0  255.255.255.0  10.0.0.100
192.168.102.0  255.255.255.0  10.0.0.102

Router1#





Router con0 is now available


Press RETURN to get started.



Router1>enable
Router1#show ip route
Router1
Destination - Netmask - Gateway
192.168.101.0  255.255.255.0  0.0.0.0
10.0.0.100  255.255.255.252  0.0.0.0
192.168.100.0  255.255.255.0  10.0.0.100
192.168.102.0  255.255.255.0  10.0.0.102

Router1#config t
Router1(config)#interface FastEthernet0/1
Router1(config-if)#ip address 10.0.0.2 255.255.255.252
Router1(config-if)#no shutdown
Router1(config-if)#exit
Router1(config)#exit
Router1#show ip route
Router1
Destination - Netmask - Gateway
192.168.101.0  255.255.255.0  0.0.0.0
192.168.100.0  255.255.255.0  10.0.0.100
192.168.102.0  255.255.255.0  10.0.0.102
10.0.0.0  255.255.255.252  0.0.0.0

Router1#




Router con0 is now available


Press RETURN to get started.



Router1>enable
Router1#config t
Router1(config)#



Router con0 is now available


Press RETURN to get started.



Router0>enable
Router0#config t
Router0(config)#ip route 192.168.101.0 255.255.255.0 10.0.0.2
Router0(config)#ip route 192.168.102.0 255.255.255.0 10.0.0.3
Router0(config)#exit
Router0#show ip route
Router0
Destination - Netmask - Gateway
192.168.100.0  255.255.255.0  0.0.0.0
192.168.101.0  255.255.255.0  10.0.0.101
192.168.102.0  255.255.255.0  10.0.0.102
10.0.0.0  255.255.255.252  0.0.0.0
192.168.101.0  255.255.255.0  10.0.0.2
192.168.102.0  255.255.255.0  10.0.0.3

Router0#show ip route
% Ambiguous command: "route"
Router1(config)#exit
Router1#show ip route
Router1
Destination - Netmask - Gateway
192.168.101.0  255.255.255.0  0.0.0.0
192.168.100.0  255.255.255.0  10.0.0.100
192.168.102.0  255.255.255.0  10.0.0.102
10.0.0.0  255.255.255.252  0.0.0.0

Router1#config t
Router1(config)#ip route 192.168.100 255.255.255.0 10.0.0.1
                                    ^
% Invalid input detected at '^' marker.
Router1(config)#ip route 192.168.100.0 255.255.255.0 10.0.0.1
Router1(config)#ip route 192.168.102.0 255.255.255.0 10.0.0.3
Router1(config)#exit
Router1#show ip route
Router1
Destination - Netmask - Gateway
192.168.101.0  255.255.255.0  0.0.0.0
192.168.100.0  255.255.255.0  10.0.0.100
192.168.102.0  255.255.255.0  10.0.0.102
10.0.0.0  255.255.255.252  0.0.0.0
192.168.100.0  255.255.255.0  10.0.0.1
192.168.102.0  255.255.255.0  10.0.0.3
```

```




Router con0 is now available


Press RETURN to get started.



Router2>enable
Router2#config t
Router2(config)#interface FastEthernet0/0
Router2(config-if)#ip address 192.168.102.1 255.255.255.0
Router2(config-if)#no shutdown
6:4:57 %LINK-3-UPDOWN:  Interface FastEthernet0/0, changed state to up
6:4:57 %LINEPROTO-5-UPDOWN: Line protocol on Interface FastEthernet0/0, changed state to up

Router2(config-if)#exit
Router2(config)#interface FastEthernet0/1
Router2(config-if)#ip address 10.0.0.102 255.255.255.252
Router2(config-if)#no shutdown
6:5:21 %LINK-3-UPDOWN:  Interface FastEthernet0/1, changed state to up
6:5:21 %LINEPROTO-5-UPDOWN: Line protocol on Interface FastEthernet0/1, changed state to up

Router2(config-if)#exit
Router2(config)#ip route 192.168.100.0 255.255.255.0 10.0.0.100
Router2(config)#ip route 192.168.101.0 255.255.255.0 10.0.0.101
Router2(config)#exit
Router2#show ip route
Router2
Destination - Netmask - Gateway
192.168.102.0  255.255.255.0  0.0.0.0
10.0.0.100  255.255.255.252  0.0.0.0
192.168.100.0  255.255.255.0  10.0.0.100
192.168.101.0  255.255.255.0  10.0.0.101

Router2#





Router con0 is now available


Press RETURN to get started.



Router2>enable
Router2#show ip route
Router2
Destination - Netmask - Gateway
192.168.102.0  255.255.255.0  0.0.0.0
10.0.0.100  255.255.255.252  0.0.0.0
192.168.100.0  255.255.255.0  10.0.0.100
192.168.101.0  255.255.255.0  10.0.0.101

Router2#config t
Router2(config)#interface FastEthernet0/1
Router2(config-if)#ip address 10.0.0.3 255.255.255.252
Router2(config-if)#no shutdown
Router2(config-if)#exit
Router2(config)#exit
Router2#show ip route
Router2
Destination - Netmask - Gateway
192.168.102.0  255.255.255.0  0.0.0.0
192.168.100.0  255.255.255.0  10.0.0.100
192.168.101.0  255.255.255.0  10.0.0.101
10.0.0.0  255.255.255.252  0.0.0.0

Router2#




Router con0 is now available


Press RETURN to get started.



Router2>enable
Router2#show ip route
Router2
Destination - Netmask - Gateway
192.168.102.0  255.255.255.0  0.0.0.0
192.168.100.0  255.255.255.0  10.0.0.100
192.168.101.0  255.255.255.0  10.0.0.101
10.0.0.0  255.255.255.252  0.0.0.0

Router2#config t
Router2(config)#ip route 192.168.100.0 255.255.255.0 10.0.0.1
Router2(config)#ip route 192.168.101.0 255.255.255.0 10.0.0.2
Router2(config)#exit
Router2#show ip route
Router2
Destination - Netmask - Gateway
192.168.102.0  255.255.255.0  0.0.0.0
192.168.100.0  255.255.255.0  10.0.0.100
192.168.101.0  255.255.255.0  10.0.0.101
10.0.0.0  255.255.255.252  0.0.0.0
192.168.100.0  255.255.255.0  10.0.0.1
192.168.101.0  255.255.255.0  10.0.0.2

Router2#
```



| **Window Manager** | scratchpads |
| ------------------ | ----------- |
| **hyprland**       | Yes         |
| **awesomewm**      |             |
| **river**          |             |

